| Instruction     |   Issue |   Read |   Execute |   Write |
|:----------------|--------:|-------:|----------:|--------:|
| fld f1, x1      |       1 |      2 |         3 |       4 |
| fld f5, x1      |       2 |      3 |         4 |       5 |
| fdiv f2, f4, f5 |       3 |      5 |        15 |      16 |
