| Instruction     |   Issue |   Read |   Execute |   Write |
|:----------------|--------:|-------:|----------:|--------:|
| fld f1, x1      |       1 |      2 |         3 |       4 |
| fld f5, x1      |       5 |      6 |         7 |       8 |
| fdiv f2, f4, f5 |       6 |      9 |        19 |      20 |
