| Instruction     |   Issue |   Read |   Execute |   Write |
|:----------------|--------:|-------:|----------:|--------:|
| fld f2, x1      |       1 |      2 |         3 |       4 |
| fadd f4, f2, f6 |       2 |      4 |         6 |       7 |
| fsub f8, f4, f2 |       8 |      9 |        11 |      12 |
