LoadInstr(fld, reads=int x7, writes=float f1)
ArithInstr(fmul, reads=float f2, float f4, writes=float f2)
ArithInstr(fadd, reads=float f1, float f3, writes=float f2)
LoadInstr(fld, reads=int x3, writes=float f9)
ArithInstr(fdiv, reads=float f1, float f7, writes=float f3)
ArithInstr(fsub, reads=float f3, float f4, writes=float f6)
ArithInstr(fmul, reads=float f1, float f2, writes=float f7)
ArithInstr(fadd, reads=float f5, float f2, writes=float f4)
StoreInstr(fsd, reads=float f1, int x11, writes=)
