LoadInstr(fld, reads=int x1, writes=float f1)
LoadInstr(fld, reads=int x1, writes=float f2)
LoadInstr(fld, reads=int x1, writes=float f3)
ArithInstr(fdiv, reads=float f1, float f2, writes=float f4)
ArithInstr(fmul, reads=float f3, float f4, writes=float f5)
ArithInstr(fadd, reads=float f1, float f2, writes=float f3)
LoadInstr(fld, reads=int x1, writes=float f3)
ArithInstr(fadd, reads=float f1, float f2, writes=float f1)
ArithInstr(fdiv, reads=float f3, float f1, writes=float f4)
ArithInstr(fadd, reads=float f5, float f4, writes=float f9)
StoreInstr(fsd, reads=float f9, int x2, writes=)
